// Jest Snapshot v1, https://goo.gl/fbAQLP

exports[`ProfileView profile view is rendered 1`] = `[Function]`;
