// Jest Snapshot v1, https://goo.gl/fbAQLP

exports[`ProfileForm profile form is rendered 1`] = `[Function]`;
