// Jest Snapshot v1, https://goo.gl/fbAQLP

exports[`it renders correctly 1`] = `
Array [
  <div
    className="header"
  >
    <div
      className="logo"
    >
      <span
        className="cursor--pointer"
        data-testid="logo-link"
        onClick={[Function]}
      >
        User App
      </span>
    </div>
    <div>
      <span
        className="cursor--pointer"
        data-testid="login-link"
        onClick={[Function]}
      >
        Login |
         
      </span>
      <span
        className="cursor--pointer"
        onClick={[Function]}
      >
        Profile
      </span>
    </div>
  </div>,
  <main
    className="content"
  />,
  <footer
    className="footer"
  >
    <span>
      User App
    </span>
    <br />
    2020
  </footer>,
]
`;
